Last login: Sat Feb 21 01:31:09 on ttys000
aniketsonawane@aniket1046 ~ % cd
aniketsonawane@aniket1046 ~ % cd ~/Documents/Persuasion-Analysis-NLP
aniketsonawane@aniket1046 Persuasion-Analysis-NLP % cat .gitignore
venv/
__pycache__/
*.pyc
model.pkl
vectorizer.pkl%                                                                 aniketsonawane@aniket1046 Persuasion-Analysis-NLP % cat .gitignore
venv/
__pycache__/
*.pyc
model.pkl
vectorizer.pkl%                                                                 aniketsonawane@aniket1046 Persuasion-Analysis-NLP % git rm --cached .DS_Store
git rm --cached .gitignore.save
git rm --cached src/.DS_Store
fatal: pathspec '.DS_Store' did not match any files
fatal: pathspec '.gitignore.save' did not match any files
fatal: pathspec 'src/.DS_Store' did not match any files
aniketsonawane@aniket1046 Persuasion-Analysis-NLP % git init
Reinitialized existing Git repository in /Users/aniketsonawane/Documents/Persuasion-Analysis-NLP/.git/
aniketsonawane@aniket1046 Persuasion-Analysis-NLP % git add .
aniketsonawane@aniket1046 Persuasion-Analysis-NLP % git commit -m "Initial commit - Persuasion Analysis NLP project"
[main a25413b] Initial commit - Persuasion Analysis NLP project
 4 files changed, 59 insertions(+)
 create mode 100644 .DS_Store
 create mode 100644 .gitignore.save
 create mode 100644 Terminal Saved Output.txt
 create mode 100644 src/.DS_Store
aniketsonawane@aniket1046 Persuasion-Analysis-NLP % git rm --cached .DS_Store
git rm --cached .gitignore.save
git rm --cached Terminal\ Saved\ Output.txt
git rm --cached src/.DS_Store
rm '.DS_Store'
rm '.gitignore.save'
rm 'Terminal Saved Output.txt'
rm 'src/.DS_Store'
aniketsonawane@aniket1046 Persuasion-Analysis-NLP % git commit -m "Remove unnecessary files from Git"
[main 0507f85] Remove unnecessary files from Git
 4 files changed, 59 deletions(-)
 delete mode 100644 .DS_Store
 delete mode 100644 .gitignore.save
 delete mode 100644 Terminal Saved Output.txt
 delete mode 100644 src/.DS_Store
aniketsonawane@aniket1046 Persuasion-Analysis-NLP % git push
fatal: No configured push destination.
Either specify the URL from the command-line or configure a remote repository using

    git remote add <name> <url>

and then push using the remote name

    git push <name>

aniketsonawane@aniket1046 Persuasion-Analysis-NLP % git status
On branch main
Untracked files:
  (use "git add <file>..." to include in what will be committed)
	.DS_Store
	.gitignore.save
	Terminal Saved Output.txt
	src/.DS_Store

nothing added to commit but untracked files present (use "git add" to track)
aniketsonawane@aniket1046 Persuasion-Analysis-NLP % git rm --cached .DS_Store
git rm --cached .gitignore.save
git rm --cached "Terminal Saved Output.txt"
git rm --cached src/.DS_Store
fatal: pathspec '.DS_Store' did not match any files
fatal: pathspec '.gitignore.save' did not match any files
fatal: pathspec 'Terminal Saved Output.txt' did not match any files
fatal: pathspec 'src/.DS_Store' did not match any files
aniketsonawane@aniket1046 Persuasion-Analysis-NLP % nano .gitignore

  UW PICO 5.09                    File: .gitignore                    Modified  

# macOS system files
.DS_Store

# Backup files
*.save

# Virtual environment
venv/
__pycache__/
*.pyc

# Trained models
model.pkl
vectorizer.pkl






^G Get Help  ^O WriteOut  ^R Read File ^Y Prev Pg   ^K Cut Text  ^C Cur Pos   
^X Exit      ^J Justify   ^W Where is  ^V Next Pg   ^U UnCut Text^T To Spell  
